 
 -------------- celery@XW5CG6031D8Q v5.6.3 (recovery)
--- ***** ----- 
-- ******* ---- Windows-11-10.0.26100-SP0 2026-06-11 15:28:21
- *** --- * --- 
- ** ---------- [config]
- ** ---------- .> app:         legal_clm:0x179dfb42cf0
- ** ---------- .> transport:   redis://localhost:6379/0
- ** ---------- .> results:     redis://localhost:6379/0
- *** --- * --- .> concurrency: 16 (solo)
-- ******* ---- .> task events: OFF (enable -E to monitor tasks in this worker)
--- ***** ----- 
 -------------- [queues]
                .> celery           exchange=celery(direct) key=celery
                

[tasks]
  . app.jobs.tasks.mark_overdue_approvals
  . app.jobs.tasks.prune_ai_call_log
  . app.jobs.tasks.prune_expired_tokens
  . app.jobs.tasks.prune_request_log
  . app.jobs.tasks.prune_resource_timeline_event
  . app.jobs.tasks.run_ai_job
  . app.jobs.tasks.run_renewal_window_check
  . app.jobs.tasks.send_obligation_reminders

